No data_format specified in output block 'output2', using default
No data_format specified in output block 'output2', using default

Setup complete, entering main loop...

cycle=0 time=0.0000000000000000e+00 dt=3.2274861218395144e-02
cycle=10 time=3.2009836382817236e-01 dt=3.1261593555947285e-02
cycle=20 time=6.2795406439659096e-01 dt=3.0440961485663068e-02
cycle=30 time=9.3126065432469540e-01 dt=3.0341353506162589e-02
cycle=40 time=1.2347598508892561e+00 dt=3.0358261434209128e-02
cycle=50 time=1.5392641374968932e+00 dt=3.0589534369901472e-02
cycle=60 time=1.8461663711546983e+00 dt=3.0736939797223573e-02
cycle=70 time=2.1537331644707898e+00 dt=3.0745646462610937e-02
cycle=80 time=2.4614654728862706e+00 dt=3.0775138478490928e-02
cycle=90 time=2.7695208970052207e+00 dt=3.0821942205274934e-02
cycle=100 time=3.0778651880771712e+00 dt=3.0842370481466153e-02
cycle=110 time=3.3860825638829852e+00 dt=3.0824397434831886e-02
cycle=120 time=3.6941891980342731e+00 dt=3.0797208732351172e-02
cycle=130 time=4.0020234676719912e+00 dt=3.0741602488866756e-02
cycle=140 time=4.3092139017969986e+00 dt=3.0671023169550993e-02
cycle=150 time=4.6157658803172774e+00 dt=3.0628834095401288e-02
cycle=160 time=4.9219702150374651e+00 dt=3.0613044180372823e-02
cycle=170 time=5.2280184839368271e+00 dt=3.0609132656757545e-02
cycle=180 time=5.5340448374600326e+00 dt=3.0613677281873527e-02
cycle=190 time=5.8400678963238866e+00 dt=3.0607409433672812e-02
cycle=200 time=6.1237243569579460e+00 dt=1.6727356697698426e-02

Terminating on time limit
time=6.1237243569579460e+00 cycle=200
tlim=6.1237243569579460e+00 nlim=-1

zone-cycles = 13107200
cpu time used  = 2.4540430000000000e+00
zone-cycles/cpu_second = 5.3410637058926839e+06
