No data_format specified in output block 'output2', using default
No data_format specified in output block 'output2', using default

Setup complete, entering main loop...

cycle=0 time=0.0000000000000000e+00 dt=3.2274861218395144e-02
cycle=10 time=3.1286053434129196e-01 dt=3.1348250737449512e-02
cycle=20 time=6.2117109925891711e-01 dt=3.0346348949665449e-02
cycle=30 time=9.2148841247489321e-01 dt=2.9868110820052959e-02
cycle=40 time=1.2213309061585349e+00 dt=3.0233422352786261e-02
cycle=50 time=1.5244552850779323e+00 dt=3.0314172659584318e-02
cycle=60 time=1.8276926519191068e+00 dt=3.0304175827363607e-02
cycle=70 time=2.1316056689315488e+00 dt=3.0525677119141715e-02
cycle=80 time=2.4373519205727066e+00 dt=3.0656677191524834e-02
cycle=90 time=2.7444946692597809e+00 dt=3.0764462530732478e-02
cycle=100 time=3.0526267649610723e+00 dt=3.0844144882650457e-02
cycle=110 time=3.3615698499485802e+00 dt=3.0934370092187382e-02
cycle=120 time=3.6716136917135875e+00 dt=3.1076933641750223e-02
cycle=130 time=3.9829803265422643e+00 dt=3.1198521530845486e-02
cycle=140 time=4.2953711026217212e+00 dt=3.1285544315410037e-02
cycle=150 time=4.6087382870971618e+00 dt=3.1384218396116999e-02
cycle=160 time=4.9228794268520852e+00 dt=3.1449073733077482e-02
cycle=170 time=5.2376004425747000e+00 dt=3.1499783937660508e-02
cycle=180 time=5.5528050820483257e+00 dt=3.1541216573460484e-02
cycle=190 time=5.8682919832212104e+00 dt=3.1560379016707989e-02
cycle=200 time=6.1840244631142509e+00 dt=3.1593359652719574e-02
cycle=210 time=6.5001024670768288e+00 dt=3.1624520556349567e-02
cycle=220 time=6.8164636577288107e+00 dt=3.1647569428321129e-02
cycle=230 time=7.1329227793074992e+00 dt=3.1638928194488512e-02
cycle=240 time=7.4492879686204718e+00 dt=3.1629957603413771e-02
cycle=250 time=7.7656063489759077e+00 dt=3.1626844446381329e-02
cycle=260 time=8.0819191179224621e+00 dt=3.1633460560420816e-02
cycle=270 time=8.3982687527867963e+00 dt=3.1632262153238604e-02
cycle=280 time=8.7145640914241955e+00 dt=3.1624565957682975e-02
cycle=290 time=9.0307622329461203e+00 dt=3.1612922551521143e-02
cycle=300 time=9.3468883353511227e+00 dt=3.1610263575838189e-02
cycle=310 time=9.6630127174524283e+00 dt=3.1614037342224302e-02
cycle=320 time=9.9791156268025585e+00 dt=3.1598961398734381e-02
cycle=330 time=1.0295057291820603e+01 dt=3.1582774128350727e-02
cycle=340 time=1.0610872856621400e+01 dt=3.1574269486672649e-02
cycle=350 time=1.0926631816038396e+01 dt=3.1571825663373354e-02
cycle=360 time=1.1242387746230280e+01 dt=3.1574095994486719e-02
cycle=370 time=1.1558159427905416e+01 dt=3.1577675089276024e-02
cycle=380 time=1.1873939072476228e+01 dt=3.1579576448941465e-02
cycle=390 time=1.2189773954834225e+01 dt=3.1585378993848084e-02
cycle=400 time=1.2505659912226589e+01 dt=3.1595874563958438e-02
cycle=410 time=1.2821690951071897e+01 dt=3.1611727444129496e-02
cycle=420 time=1.3137879706263538e+01 dt=3.1627999987237254e-02
cycle=430 time=1.3454242496925341e+01 dt=3.1646796662385866e-02
cycle=440 time=1.3770798143944596e+01 dt=3.1666061632912197e-02
cycle=450 time=1.4087539887515693e+01 dt=3.1683869757529973e-02
cycle=460 time=1.4404455054774694e+01 dt=3.1700620255755305e-02
cycle=470 time=1.4721529973781736e+01 dt=3.1715544431063676e-02
cycle=480 time=1.5038748326121683e+01 dt=3.1729527985506677e-02
cycle=490 time=1.5356107978690543e+01 dt=3.1743923933773274e-02
cycle=500 time=1.5673611161924073e+01 dt=3.1757835677529052e-02
cycle=510 time=1.5991244613819251e+01 dt=3.1769803954381719e-02
cycle=520 time=1.6308995490378873e+01 dt=3.1781730341108254e-02
cycle=530 time=1.6626868253860746e+01 dt=3.1793912426534114e-02
cycle=540 time=1.6944858356924382e+01 dt=3.1805063947242931e-02
cycle=550 time=1.7262955803406641e+01 dt=3.1815327702245579e-02
cycle=560 time=1.7581155053369876e+01 dt=3.1825763256379223e-02
cycle=570 time=1.7899461484237225e+01 dt=3.1834028341777280e-02
cycle=580 time=1.8217794381275791e+01 dt=3.1834657895352246e-02
cycle=590 time=1.8536186251752042e+01 dt=3.1846598811460312e-02
cycle=600 time=1.8854726888001117e+01 dt=3.1859578388027610e-02
cycle=610 time=1.9173341429340208e+01 dt=3.1863242462124415e-02
cycle=620 time=1.9491979950340607e+01 dt=3.1864309910453317e-02
cycle=630 time=1.9810627268926517e+01 dt=3.1865415930151665e-02
cycle=640 time=2.0129287306317639e+01 dt=3.1866698928238610e-02
cycle=650 time=2.0447965647071221e+01 dt=3.1868866005393272e-02
cycle=660 time=2.0766657527800149e+01 dt=3.1869293187708168e-02
cycle=670 time=2.1085348366225098e+01 dt=3.1868798967260865e-02
cycle=680 time=2.1404034984626808e+01 dt=3.1868621814429149e-02
cycle=690 time=2.1722724096144592e+01 dt=3.1869540940344450e-02
cycle=700 time=2.2041429934610925e+01 dt=3.1872210491634287e-02
cycle=710 time=2.2360168215692973e+01 dt=3.1872493443885895e-02
cycle=720 time=2.2678850600856901e+01 dt=3.1862407842972770e-02
cycle=730 time=2.2997476862167243e+01 dt=3.1866361724655498e-02
cycle=740 time=2.3316127064405734e+01 dt=3.1865020265511128e-02
cycle=750 time=2.3634775874175297e+01 dt=3.1865586218224599e-02
cycle=760 time=2.3953473149197393e+01 dt=3.1876105915690137e-02
cycle=770 time=2.4272262731564719e+01 dt=3.1877218699830262e-02
cycle=780 time=2.4590981220796561e+01 dt=3.1864439911642582e-02
cycle=790 time=2.4909580727026725e+01 dt=3.1852895622158671e-02
cycle=800 time=2.5228107400852615e+01 dt=3.1857437072423903e-02
cycle=810 time=2.5546763945239348e+01 dt=3.1874828760938660e-02
cycle=820 time=2.5865565072141589e+01 dt=3.1882655529989819e-02
cycle=830 time=2.6184355298347455e+01 dt=3.1873995594774156e-02
cycle=840 time=2.6503055619866611e+01 dt=3.1867816499870548e-02
cycle=850 time=2.6821731258451351e+01 dt=3.1861558657630157e-02
cycle=860 time=2.7140292895092514e+01 dt=3.1849921821782749e-02
cycle=870 time=2.7458776224704234e+01 dt=3.1850154010724822e-02
cycle=880 time=2.7777258493143567e+01 dt=3.1847114066134365e-02
cycle=890 time=2.8095720133191755e+01 dt=3.1843578365277202e-02
cycle=900 time=2.8414152807811931e+01 dt=3.1847575118050551e-02
cycle=910 time=2.8732706281383802e+01 dt=3.1863754309299913e-02
cycle=920 time=2.9051395145313361e+01 dt=3.1871924852010729e-02
cycle=930 time=2.9370115868355054e+01 dt=3.1872852675053603e-02
cycle=940 time=2.9688878149610247e+01 dt=3.1881520054047284e-02
cycle=950 time=3.0007695702983590e+01 dt=3.1882461070131700e-02
cycle=960 time=3.0326538632748598e+01 dt=3.1880305844367796e-02
cycle=970 time=3.0645315833059197e+01 dt=3.1876867595634011e-02
cycle=980 time=3.0964090644941415e+01 dt=3.1877753591587038e-02
cycle=990 time=3.1282868708161459e+01 dt=3.1878265532483276e-02
cycle=1000 time=3.1601584214728355e+01 dt=3.1865818548650719e-02
cycle=1010 time=3.1920259634122480e+01 dt=3.1871700038852334e-02
cycle=1020 time=3.2239001487483257e+01 dt=3.1875237449505781e-02
cycle=1030 time=3.2557738194342171e+01 dt=3.1871512125815335e-02
cycle=1040 time=3.2876426305965630e+01 dt=3.1866711202075432e-02
cycle=1050 time=3.3195078479720465e+01 dt=3.1864205670321430e-02
cycle=1060 time=3.3513767050487544e+01 dt=3.1874351277961024e-02
cycle=1070 time=3.3832518860426099e+01 dt=3.1874779793479580e-02
cycle=1080 time=3.4151224329673489e+01 dt=3.1861627642254808e-02
cycle=1090 time=3.4469711573014045e+01 dt=3.1833946040704879e-02
cycle=1100 time=3.4787977641054056e+01 dt=3.1823486761792814e-02
cycle=1110 time=3.5106252586217757e+01 dt=3.1831455584196033e-02
cycle=1120 time=3.5424523850084171e+01 dt=3.1817181635696190e-02
cycle=1130 time=3.5742621921353447e+01 dt=3.1803204837659492e-02
cycle=1140 time=3.6060606766846135e+01 dt=3.1795094921343546e-02
cycle=1150 time=3.6378570598815088e+01 dt=3.1797310918410149e-02
cycle=1160 time=3.6696572658167156e+01 dt=3.1803241666711647e-02
cycle=1170 time=3.7014633423507881e+01 dt=3.1810247263777326e-02
cycle=1180 time=3.7332764049190025e+01 dt=3.1815754717403048e-02
cycle=1190 time=3.7650925689107304e+01 dt=3.1818434407664270e-02
cycle=1200 time=3.7969129375084570e+01 dt=3.1822916039457971e-02
cycle=1210 time=3.8287397531188979e+01 dt=3.1831371619924193e-02
cycle=1220 time=3.8605697358397173e+01 dt=3.1825495361449407e-02
cycle=1230 time=3.8923900218222009e+01 dt=3.1814901406353499e-02
cycle=1240 time=3.9242048014690830e+01 dt=3.1811408868320491e-02
cycle=1250 time=3.9560112627317658e+01 dt=3.1800945046290267e-02
cycle=1260 time=3.9878124865975082e+01 dt=3.1798871750865924e-02
cycle=1270 time=4.0196089362767907e+01 dt=3.1799767480890466e-02
cycle=1280 time=4.0514196367810349e+01 dt=3.1822609576986641e-02
cycle=1290 time=4.0832448084341699e+01 dt=3.1823250103437062e-02
cycle=1300 time=4.1150601738372025e+01 dt=3.1805263841835296e-02
cycle=1310 time=4.1468612810474021e+01 dt=3.1798421675531222e-02
cycle=1320 time=4.1786570007378394e+01 dt=3.1791909121338717e-02
cycle=1330 time=4.2104466916506510e+01 dt=3.1787765577356554e-02
cycle=1340 time=4.2422342007314484e+01 dt=3.1788496784466332e-02
cycle=1350 time=4.2740260690197324e+01 dt=3.1796397900557112e-02
cycle=1360 time=4.3058237829718493e+01 dt=3.1793452461919745e-02
cycle=1370 time=4.3376061983981046e+01 dt=3.1769257411250168e-02
cycle=1380 time=4.3693688913412601e+01 dt=3.1757106588540737e-02
cycle=1390 time=4.4011197178957921e+01 dt=3.1743836525245074e-02
cycle=1400 time=4.4328630449164898e+01 dt=3.1745296505889205e-02
cycle=1410 time=4.4646122274605531e+01 dt=3.1755451868536566e-02
cycle=1420 time=4.4963715363364244e+01 dt=3.1761929243781982e-02
cycle=1430 time=4.5281275270417957e+01 dt=3.1746491864812675e-02
cycle=1440 time=4.5598655322040749e+01 dt=3.1728257686162241e-02
cycle=1450 time=4.5915909012153605e+01 dt=3.1727066977588390e-02
cycle=1460 time=4.6233148247606636e+01 dt=3.1718177810718250e-02
cycle=1470 time=4.6550359231591436e+01 dt=3.1727121895176159e-02
cycle=1480 time=4.6867667463609848e+01 dt=3.1730615594302757e-02
cycle=1490 time=4.7184915369509206e+01 dt=3.1715987492495962e-02
cycle=1500 time=4.7502064197549373e+01 dt=3.1717220300159811e-02
cycle=1510 time=4.7819240579167477e+01 dt=3.1709405690107183e-02
cycle=1520 time=4.8136274351106266e+01 dt=3.1707395604793104e-02
cycle=1530 time=4.8453446823921659e+01 dt=3.1723279666169842e-02
cycle=1540 time=4.8770607699112993e+01 dt=3.1702581702902390e-02
cycle=1550 time=4.9087584105325902e+01 dt=3.1698766890066281e-02
cycle=1560 time=4.9404601050498911e+01 dt=3.1701663189992270e-02
cycle=1570 time=4.9721522436472576e+01 dt=3.1679046002119765e-02
cycle=1580 time=5.0038337633459037e+01 dt=3.1686522931605593e-02
cycle=1590 time=5.0355130268888281e+01 dt=3.1670256831040154e-02
cycle=1600 time=5.0671811845540283e+01 dt=3.1669488895189113e-02
cycle=1610 time=5.0988519207394617e+01 dt=3.1668101235279321e-02
cycle=1620 time=5.1305118916766489e+01 dt=3.1650251233862066e-02
cycle=1630 time=5.1621604075077407e+01 dt=3.1649800668379677e-02
cycle=1640 time=5.1938122723529936e+01 dt=3.1654475649353246e-02
cycle=1650 time=5.2254664425007483e+01 dt=3.1646078958231870e-02
cycle=1660 time=5.2571030567260095e+01 dt=3.1626450106847739e-02
cycle=1670 time=5.2887234636874219e+01 dt=3.1614297720826370e-02
cycle=1680 time=5.3203360369068179e+01 dt=3.1612490956877431e-02
cycle=1690 time=5.3519521848200597e+01 dt=3.1620715700577444e-02
cycle=1700 time=5.3835696011453244e+01 dt=3.1609390551895267e-02
cycle=1710 time=5.4151725165360048e+01 dt=3.1590341591527557e-02
cycle=1720 time=5.4467525184499301e+01 dt=3.1568960494598432e-02
cycle=1730 time=5.4783222314008178e+01 dt=3.1579975018779800e-02
cycle=1740 time=5.5099101192119946e+01 dt=3.1585838460638421e-02
cycle=1750 time=5.5414833740945539e+01 dt=3.1563306002843565e-02
cycle=1760 time=5.5730450970048388e+01 dt=3.1561510258770291e-02
cycle=1770 time=5.6046013946061514e+01 dt=3.1547554290281436e-02
cycle=1780 time=5.6361431648498396e+01 dt=3.1529172650686374e-02
cycle=1790 time=5.6676555912256326e+01 dt=3.1494164603090388e-02
cycle=1800 time=5.6991416472225268e+01 dt=3.1479568188869766e-02
cycle=1810 time=5.7306205974349595e+01 dt=3.1479183770203499e-02
cycle=1820 time=5.7620922217827918e+01 dt=3.1459402193108381e-02
cycle=1830 time=5.7935310956871426e+01 dt=3.1422277394223798e-02
cycle=1840 time=5.8249471436670611e+01 dt=3.1406587261608394e-02
cycle=1850 time=5.8563478517514788e+01 dt=3.1394133302948220e-02
cycle=1860 time=5.8877350483376020e+01 dt=3.1383817234497006e-02
cycle=1870 time=5.9190992816862753e+01 dt=3.1350787327802838e-02
cycle=1880 time=5.9504453012673814e+01 dt=3.1339663625896352e-02
cycle=1890 time=5.9817845544982490e+01 dt=3.1341897957042140e-02
cycle=1900 time=6.0131293901367926e+01 dt=3.1337256073067997e-02
cycle=1910 time=6.0444564689229622e+01 dt=3.1318702390701003e-02
cycle=1920 time=6.0757690247798543e+01 dt=3.1307885914196754e-02
cycle=1930 time=6.1070604336094299e+01 dt=3.1273745465513626e-02

Terminating on time limit
time=6.1237243569579448e+01 cycle=1936
tlim=6.1237243569579448e+01 nlim=-1

zone-cycles = 126877696
cpu time used  = 2.2888643999999999e+01
zone-cycles/cpu_second = 5.5432596181757208e+06
