No data_format specified in output block 'output2', using default
No data_format specified in output block 'output2', using default

Setup complete, entering main loop...

cycle=0 time=0.0000000000000000e+00 dt=3.2274861218395144e-02
cycle=10 time=3.2258618265938532e-01 dt=3.1936468717285844e-02
cycle=20 time=6.4069424393887453e-01 dt=3.1824643884467645e-02
cycle=30 time=9.6137219046148792e-01 dt=3.2538891668513432e-02
cycle=40 time=1.2886195558340101e+00 dt=3.3116206446827688e-02
cycle=50 time=1.6243391695646345e+00 dt=3.4305171297565995e-02
cycle=60 time=1.9728443891040088e+00 dt=3.5448147779303975e-02
cycle=70 time=2.3309810270144822e+00 dt=3.6302646651459630e-02
cycle=80 time=2.6993736738264920e+00 dt=3.7419085205501107e-02
cycle=90 time=3.0794545301267835e+00 dt=3.8667208116669780e-02
cycle=100 time=3.4714051818427949e+00 dt=3.9804254709239810e-02
cycle=110 time=3.8750457205710052e+00 dt=4.1111957764730617e-02
cycle=120 time=4.2909982579937029e+00 dt=4.2150080009203623e-02
cycle=130 time=4.7177684818246419e+00 dt=4.3318063113633815e-02
cycle=140 time=5.1568090006311893e+00 dt=4.4564531940876645e-02
cycle=150 time=5.5999344117692083e+00 dt=4.3760466084720652e-02
cycle=160 time=6.0346962185620896e+00 dt=4.3182567122288608e-02

Terminating on time limit
time=6.1237243569579460e+00 cycle=163
tlim=6.1237243569579460e+00 nlim=-1

zone-cycles = 10682368
cpu time used  = 2.1412130000000000e+00
zone-cycles/cpu_second = 4.9889329085896639e+06
