######################################
###### Cloud in wind problem generator
#### Input parameters
## Cloud radius: 3.2e-22 kpc
## Cloud density: 1e+03 g/cm^3
## Wind density: 1 g/cm^3
## Wind temperature: 6.1e-09 K
## Wind velocity: 2.6e-05 km/s
#### Derived parameters
## Cloud temperature (from pressure equ.): 6.1e-12 K
## Cloud to wind density ratio: 1e+03
## Cloud to wind temperature ratio: 0.001
## Uniform pressure (code units): 1
## Wind sonic Mach: 2
## Cloud crushing time: 3.9e-13 Myr
######################################
Starting up hydro driver
### PARTHENON WARNING
  Message:     The following input parameters are set but unused:
comment/problem
cooling/cfl
cooling/d_e_tol
cooling/d_log_temp_tol
cooling/integrator
cooling/lambda_units_cgs
cooling/max_iter
cooling/table_filename


  File:        /home/kaan/codes/athenapk/external/parthenon/src/parameter_input.cpp
  Line number: 687
# Variables in use:
# Package: parthenon::resolved_state
# ---------------------------------------------------
# Variables:
# Name	Metadata flags
# ---------------------------------------------------
prim                      Cell,Provides,Real,Derived,Hydro,parthenon::resolved_state
cons                      Cell,Provides,Real,Independent,FillGhost,WithFluxes,Hydro,parthenon::resolved_state
bnd_flux::cons            Face,Provides,Real,Derived,OneCopy,Flux,CellMemAligned,parthenon::resolved_state
# ---------------------------------------------------
# Sparse Variables:
# Name	sparse id	Metadata flags
# ---------------------------------------------------
# ---------------------------------------------------
# Swarms:
# Swarm	Value	metadata
# ---------------------------------------------------


Setup complete, executing driver...

cycle=0 time=0.0000000000000000e+00 dt=1.6137430611162618e-02 zone-cycles/wsec_step=0.00e+00 wsec_total=9.46e-02 wsec_step=4.63e-01
cycle=100 time=1.5307362079519171e+00 dt=1.5162429440115231e-02 zone-cycles/wsec_step=4.54e+07 wsec_total=1.25e+00 wsec_step=1.15e+00
cycle=200 time=3.0643141424100016e+00 dt=1.5547305063488760e-02 zone-cycles/wsec_step=3.28e+07 wsec_total=2.85e+00 wsec_step=1.60e+00
cycle=300 time=4.6330662784682302e+00 dt=1.5759715613544979e-02 zone-cycles/wsec_step=4.52e+07 wsec_total=4.01e+00 wsec_step=1.16e+00
cycle=400 time=6.2140515799517555e+00 dt=1.5837625359508233e-02 zone-cycles/wsec_step=3.22e+07 wsec_total=5.63e+00 wsec_step=1.63e+00
cycle=500 time=7.7985803707392911e+00 dt=1.5845839538216777e-02 zone-cycles/wsec_step=4.50e+07 wsec_total=6.80e+00 wsec_step=1.17e+00
cycle=600 time=9.3827908985783672e+00 dt=1.5833088209413614e-02 zone-cycles/wsec_step=2.43e+07 wsec_total=8.95e+00 wsec_step=2.15e+00
cycle=700 time=1.0965101387456267e+01 dt=1.5812063300472193e-02 zone-cycles/wsec_step=3.02e+07 wsec_total=1.07e+01 wsec_step=1.73e+00
cycle=800 time=1.2546062309472976e+01 dt=1.5820722557268248e-02 zone-cycles/wsec_step=2.24e+07 wsec_total=1.30e+01 wsec_step=2.34e+00
cycle=900 time=1.4130578782814380e+01 dt=1.5868329649937656e-02 zone-cycles/wsec_step=3.04e+07 wsec_total=1.48e+01 wsec_step=1.72e+00
cycle=1000 time=1.5719307855533996e+01 dt=1.5904293856458793e-02 zone-cycles/wsec_step=2.30e+07 wsec_total=1.70e+01 wsec_step=2.28e+00
cycle=1100 time=1.7309407032735827e+01 dt=1.5904099516043078e-02 zone-cycles/wsec_step=2.96e+07 wsec_total=1.88e+01 wsec_step=1.77e+00
cycle=1200 time=1.8900190855584626e+01 dt=1.5910730942308830e-02 zone-cycles/wsec_step=2.27e+07 wsec_total=2.11e+01 wsec_step=2.31e+00
cycle=1300 time=2.0489574056443157e+01 dt=1.5880161925941782e-02 zone-cycles/wsec_step=2.99e+07 wsec_total=2.29e+01 wsec_step=1.75e+00
cycle=1400 time=2.2078614205638711e+01 dt=1.5892731550532536e-02 zone-cycles/wsec_step=2.25e+07 wsec_total=2.52e+01 wsec_step=2.33e+00
cycle=1500 time=2.3666498113468663e+01 dt=1.5875164154844426e-02 zone-cycles/wsec_step=2.93e+07 wsec_total=2.70e+01 wsec_step=1.79e+00
cycle=1600 time=2.5253096685853041e+01 dt=1.5872212669012061e-02 zone-cycles/wsec_step=2.21e+07 wsec_total=2.94e+01 wsec_step=2.37e+00
cycle=1700 time=2.6839378116212462e+01 dt=1.5858996671100873e-02 zone-cycles/wsec_step=3.00e+07 wsec_total=3.11e+01 wsec_step=1.75e+00
cycle=1800 time=2.8425055773009284e+01 dt=1.5848648173503128e-02 zone-cycles/wsec_step=2.26e+07 wsec_total=3.34e+01 wsec_step=2.32e+00
cycle=1900 time=3.0009996264202663e+01 dt=1.5849903730999589e-02 zone-cycles/wsec_step=3.03e+07 wsec_total=3.52e+01 wsec_step=1.73e+00
cycle=2000 time=3.1595276391457254e+01 dt=1.5858293957391963e-02 zone-cycles/wsec_step=2.30e+07 wsec_total=3.74e+01 wsec_step=2.28e+00
cycle=2100 time=3.3180092409190948e+01 dt=1.5841941247832624e-02 zone-cycles/wsec_step=3.02e+07 wsec_total=3.92e+01 wsec_step=1.73e+00
cycle=2200 time=3.4762007132334816e+01 dt=1.5804220972714628e-02 zone-cycles/wsec_step=2.26e+07 wsec_total=4.15e+01 wsec_step=2.32e+00
cycle=2300 time=3.6342418247559905e+01 dt=1.5792223302439370e-02 zone-cycles/wsec_step=3.02e+07 wsec_total=4.32e+01 wsec_step=1.73e+00
cycle=2400 time=3.7922199487204402e+01 dt=1.5806597319694044e-02 zone-cycles/wsec_step=2.29e+07 wsec_total=4.55e+01 wsec_step=2.29e+00
cycle=2500 time=3.9501980841084972e+01 dt=1.5802573924806169e-02 zone-cycles/wsec_step=3.06e+07 wsec_total=4.72e+01 wsec_step=1.71e+00
cycle=2600 time=4.1079966145335959e+01 dt=1.5773456758316356e-02 zone-cycles/wsec_step=2.26e+07 wsec_total=4.96e+01 wsec_step=2.32e+00
cycle=2700 time=4.2657989367263959e+01 dt=1.5784973569149263e-02 zone-cycles/wsec_step=3.01e+07 wsec_total=5.13e+01 wsec_step=1.74e+00
cycle=2800 time=4.4236188492554881e+01 dt=1.5785073098058721e-02 zone-cycles/wsec_step=2.24e+07 wsec_total=5.36e+01 wsec_step=2.34e+00
cycle=2900 time=4.5816462901032871e+01 dt=1.5805810428113923e-02 zone-cycles/wsec_step=3.01e+07 wsec_total=5.54e+01 wsec_step=1.74e+00
cycle=3000 time=4.7396375650708521e+01 dt=1.5802977014021748e-02 zone-cycles/wsec_step=2.28e+07 wsec_total=5.77e+01 wsec_step=2.30e+00
cycle=3100 time=4.8975154302023526e+01 dt=1.5785065576376489e-02 zone-cycles/wsec_step=3.03e+07 wsec_total=5.94e+01 wsec_step=1.73e+00
cycle=3200 time=5.0552477563928186e+01 dt=1.5757621270568106e-02 zone-cycles/wsec_step=2.31e+07 wsec_total=6.17e+01 wsec_step=2.27e+00
cycle=3300 time=5.2105806337937011e+01 dt=1.5215035072832110e-02 zone-cycles/wsec_step=2.36e+07 wsec_total=6.39e+01 wsec_step=2.22e+00
cycle=3400 time=5.3633606976898960e+01 dt=1.5258690099406579e-02 zone-cycles/wsec_step=2.88e+07 wsec_total=6.57e+01 wsec_step=1.82e+00
cycle=3500 time=5.5153785226134126e+01 dt=1.5192819413149301e-02 zone-cycles/wsec_step=2.38e+07 wsec_total=6.79e+01 wsec_step=2.20e+00
cycle=3600 time=5.6671020251661140e+01 dt=1.5065128895315503e-02 zone-cycles/wsec_step=2.85e+07 wsec_total=6.98e+01 wsec_step=1.84e+00
cycle=3700 time=5.8166671303379601e+01 dt=1.4901423830829522e-02 zone-cycles/wsec_step=2.93e+07 wsec_total=7.16e+01 wsec_step=1.79e+00
cycle=3800 time=5.9655794343961865e+01 dt=1.4971852453551694e-02 zone-cycles/wsec_step=2.27e+07 wsec_total=7.39e+01 wsec_step=2.31e+00
cycle=3900 time=6.1165898053982581e+01 dt=1.5080211599430463e-02 zone-cycles/wsec_step=2.98e+07 wsec_total=7.56e+01 wsec_step=1.76e+00

Driver completed.
time=6.12e+01 cycle=3905
tlim=6.12e+01 nlim=-1

walltime used = 7.61e+01
zone-cycles/wallsecond = 2.69e+07
