No data_format specified in output block 'output2', using default
No data_format specified in output block 'output2', using default

Setup complete, entering main loop...

cycle=0 time=0.0000000000000000e+00 dt=3.2274861218395144e-02
cycle=10 time=3.1288815674964876e-01 dt=3.1354392084142015e-02
cycle=20 time=6.2129314182736839e-01 dt=3.0359886558789365e-02
cycle=30 time=9.2175748483596787e-01 dt=2.9885374225133550e-02
cycle=40 time=1.2217892576662328e+00 dt=3.0255153902546197e-02
cycle=50 time=1.5251773219361644e+00 dt=3.0345927102241058e-02
cycle=60 time=1.8287372452418824e+00 dt=3.0340486882540776e-02
cycle=70 time=2.1330405350326247e+00 dt=3.0565702569407972e-02
cycle=80 time=2.4392667766393501e+00 dt=3.0709452335846751e-02
cycle=90 time=2.7469575325400504e+00 dt=3.0824449886765928e-02
cycle=100 time=3.0556932108331032e+00 dt=3.0900677383913347e-02
cycle=110 time=3.3652388922769041e+00 dt=3.1000109639773482e-02
cycle=120 time=3.6760231917913977e+00 dt=3.1154522596541237e-02
cycle=130 time=3.9881971616738987e+00 dt=3.1281924611937038e-02
cycle=140 time=4.3014845634014254e+00 dt=3.1378166398071054e-02
cycle=150 time=4.6158138479032340e+00 dt=3.1485736295305822e-02
cycle=160 time=4.9310083503985789e+00 dt=3.1560058701305189e-02
cycle=170 time=5.2468822215638262e+00 dt=3.1619091667298135e-02
cycle=180 time=5.5632034991416024e+00 dt=3.1647318437712672e-02
cycle=190 time=5.8797986145071723e+00 dt=3.1666852505169839e-02
cycle=200 time=6.1966184114703085e+00 dt=3.1699249166233560e-02
cycle=210 time=6.5137297176288005e+00 dt=3.1724745661494268e-02
cycle=220 time=6.8310601186353699e+00 dt=3.1741834836765397e-02
cycle=230 time=7.1485829448333540e+00 dt=3.1765473807221840e-02
cycle=240 time=7.4662992324176196e+00 dt=3.1777843339885724e-02
cycle=250 time=7.7841170264190147e+00 dt=3.1789467716418045e-02
cycle=260 time=8.1021107716336829e+00 dt=3.1809464121821389e-02
cycle=270 time=8.4202426939489037e+00 dt=3.1815726855109958e-02
cycle=280 time=8.7383839186514471e+00 dt=3.1813686753366398e-02
cycle=290 time=9.0565220525079866e+00 dt=3.1815764399911725e-02
cycle=300 time=9.3747128123353285e+00 dt=3.1827792541961428e-02
cycle=310 time=9.6930007329899865e+00 dt=3.1829939547717297e-02
cycle=320 time=1.0011292971204956e+01 dt=3.1824564981175800e-02
cycle=330 time=1.0329506979562932e+01 dt=3.1819499888331458e-02
cycle=340 time=1.0647680465508245e+01 dt=3.1819114704559746e-02
cycle=350 time=1.0965867834959148e+01 dt=3.1825011840571196e-02
cycle=360 time=1.1284123527024299e+01 dt=3.1832324305898309e-02
cycle=370 time=1.1602403506521441e+01 dt=3.1831381686459374e-02
cycle=380 time=1.1920752441171031e+01 dt=3.1839743598285897e-02
cycle=390 time=1.2239231882376258e+01 dt=3.1859668304336709e-02
cycle=400 time=1.2557932388356729e+01 dt=3.1882172797238033e-02
cycle=410 time=1.2876854372008513e+01 dt=3.1904715793564006e-02
cycle=420 time=1.3196009248063024e+01 dt=3.1929148967553479e-02
cycle=430 time=1.3515421189904302e+01 dt=3.1956358301080526e-02
cycle=440 time=1.3835112392914938e+01 dt=3.1984669523666694e-02
cycle=450 time=1.4155083846967335e+01 dt=3.2012201160493921e-02
cycle=460 time=1.4475327072352179e+01 dt=3.2038992189006431e-02
cycle=470 time=1.4795832868908695e+01 dt=3.2064448752535724e-02
cycle=480 time=1.5116586293761911e+01 dt=3.2088231854241367e-02
cycle=490 time=1.5437568350762811e+01 dt=3.2110056250591421e-02
cycle=500 time=1.5758746794249680e+01 dt=3.2116592923275331e-02
cycle=510 time=1.6080000500884918e+01 dt=3.2136054998342184e-02
cycle=520 time=1.6401448218791067e+01 dt=3.2155388466652557e-02
cycle=530 time=1.6723086224835942e+01 dt=3.2173733928805334e-02
cycle=540 time=1.7044901230868728e+01 dt=3.2190993506878901e-02
cycle=550 time=1.7366891290547169e+01 dt=3.2208941203369666e-02
cycle=560 time=1.7689062138584251e+01 dt=3.2227040769004435e-02
cycle=570 time=1.8011459413097530e+01 dt=3.2252828004346319e-02
cycle=580 time=1.8334199901732227e+01 dt=3.2286752060166887e-02
cycle=590 time=1.8657176898520373e+01 dt=3.2311086198196663e-02
cycle=600 time=1.8980347299929718e+01 dt=3.2326366899597121e-02
cycle=610 time=1.9303669358889994e+01 dt=3.2338628324284607e-02
cycle=620 time=1.9627113653144523e+01 dt=3.2351280561674314e-02
cycle=630 time=1.9950683225274759e+01 dt=3.2364034425809284e-02
cycle=640 time=2.0274367025582130e+01 dt=3.2374036632747703e-02
cycle=650 time=2.0598153778081748e+01 dt=3.2384599021436311e-02
cycle=660 time=2.0922069274409850e+01 dt=3.2398267768736062e-02
cycle=670 time=2.1246100132735389e+01 dt=3.2408979389661238e-02
cycle=680 time=2.1570230048946751e+01 dt=3.2417677438590940e-02
cycle=690 time=2.1894447896368263e+01 dt=3.2426872980297117e-02
cycle=700 time=2.2218757529243138e+01 dt=3.2435866519917554e-02
cycle=710 time=2.2543156041106727e+01 dt=3.2444817878346875e-02
cycle=720 time=2.2867644822198130e+01 dt=3.2453342301123698e-02
cycle=730 time=2.3192210578740262e+01 dt=3.2460908030151690e-02
cycle=740 time=2.3516862838288379e+01 dt=3.2470537728703501e-02
cycle=750 time=2.3841609876624780e+01 dt=3.2479576727804042e-02
cycle=760 time=2.4166442303377369e+01 dt=3.2488030507183727e-02
cycle=770 time=2.4491366156387759e+01 dt=3.2498144486368313e-02
cycle=780 time=2.4816384530856666e+01 dt=3.2506504119420215e-02
cycle=790 time=2.5141495701913996e+01 dt=3.2517317254945076e-02
cycle=800 time=2.5466723142794205e+01 dt=3.2529432928824507e-02
cycle=810 time=2.5792081983620609e+01 dt=3.2544170779686285e-02
cycle=820 time=2.6117587064418359e+01 dt=3.2557357290427226e-02
cycle=830 time=2.6443211297857307e+01 dt=3.2568568205107416e-02
cycle=840 time=2.6768949668486634e+01 dt=3.2580327630553990e-02
cycle=850 time=2.7094792855882687e+01 dt=3.2586002623207495e-02
cycle=860 time=2.7420647752035318e+01 dt=3.2584576222416416e-02
cycle=870 time=2.7746489327731261e+01 dt=3.2584085743927037e-02
cycle=880 time=2.8072335260255699e+01 dt=3.2585642047386336e-02
cycle=890 time=2.8398209013809844e+01 dt=3.2589883612779827e-02
cycle=900 time=2.8724130264804078e+01 dt=3.2592259033548926e-02
cycle=910 time=2.9050034919790413e+01 dt=3.2589697634624645e-02
cycle=920 time=2.9375946599091982e+01 dt=3.2593868246227724e-02
cycle=930 time=2.9701927264887633e+01 dt=3.2604216159556512e-02
cycle=940 time=3.0028025250829980e+01 dt=3.2616249858852663e-02
cycle=950 time=3.0354236372232798e+01 dt=3.2627381150135248e-02
cycle=960 time=3.0680569356150063e+01 dt=3.2640852563639348e-02
cycle=970 time=3.1007042105819711e+01 dt=3.2655091083872448e-02
cycle=980 time=3.1333654771979194e+01 dt=3.2668633445306586e-02
cycle=990 time=3.1660397452663631e+01 dt=3.2680951691298456e-02
cycle=1000 time=3.1987261130820496e+01 dt=3.2692968655806863e-02
cycle=1010 time=3.2314237164506558e+01 dt=3.2703607332066835e-02
cycle=1020 time=3.2641320970580928e+01 dt=3.2713823341022887e-02
cycle=1030 time=3.2968501847915228e+01 dt=3.2723542705204299e-02
cycle=1040 time=3.3295789251588474e+01 dt=3.2735612530237310e-02
cycle=1050 time=3.3623208122186142e+01 dt=3.2749997073433901e-02
cycle=1060 time=3.3950781159209036e+01 dt=3.2766316227848362e-02
cycle=1070 time=3.4278518803210162e+01 dt=3.2783333084757123e-02
cycle=1080 time=3.4606438804093358e+01 dt=3.2800856569190011e-02
cycle=1090 time=3.4934497137667357e+01 dt=3.2811752274288543e-02
cycle=1100 time=3.5262654121916079e+01 dt=3.2820152308813674e-02
cycle=1110 time=3.5590894985925885e+01 dt=3.2829716215701119e-02
cycle=1120 time=3.5919258303466187e+01 dt=3.2845601549687346e-02
cycle=1130 time=3.6247794282306799e+01 dt=3.2862193537921101e-02
cycle=1140 time=3.6576491759748826e+01 dt=3.2879465751689409e-02
cycle=1150 time=3.6905371244741005e+01 dt=3.2898591231019424e-02
cycle=1160 time=3.7234449213425791e+01 dt=3.2919325370196643e-02
cycle=1170 time=3.7563740243425734e+01 dt=3.2941337667233291e-02
cycle=1180 time=3.7893257792558124e+01 dt=3.2964590346833356e-02
cycle=1190 time=3.8223008624535368e+01 dt=3.2987803747904762e-02
cycle=1200 time=3.8552988922619861e+01 dt=3.3010444867840605e-02
cycle=1210 time=3.8883178387287465e+01 dt=3.3028821143435923e-02
cycle=1220 time=3.9213563526799284e+01 dt=3.3050053347598946e-02
cycle=1230 time=3.9544130982032236e+01 dt=3.3063818946147502e-02
cycle=1240 time=3.9874826626331448e+01 dt=3.3076651345990297e-02
cycle=1250 time=4.0205652570854227e+01 dt=3.3090024956237189e-02
cycle=1260 time=4.0536612458719972e+01 dt=3.3103089266063632e-02
cycle=1270 time=4.0867710322603628e+01 dt=3.3118326059550555e-02
cycle=1280 time=4.1198964480878878e+01 dt=3.3134175452055013e-02
cycle=1290 time=4.1530382934230133e+01 dt=3.3153258198210626e-02
cycle=1300 time=4.1861994473983451e+01 dt=3.3170962329703561e-02
cycle=1310 time=4.2193786445873585e+01 dt=3.3189367096397485e-02
cycle=1320 time=4.2525765207663511e+01 dt=3.3208397934656103e-02
cycle=1330 time=4.2857937316838822e+01 dt=3.3228100502735704e-02
cycle=1340 time=4.3190308876371873e+01 dt=3.3248285371641637e-02
cycle=1350 time=4.3522884424375135e+01 dt=3.3269067487980711e-02
cycle=1360 time=4.3855672398541607e+01 dt=3.3290806331194599e-02
cycle=1370 time=4.4188679230180284e+01 dt=3.3312742197345334e-02
cycle=1380 time=4.4521905209358557e+01 dt=3.3334637163853091e-02
cycle=1390 time=4.4855142949009981e+01 dt=3.3333358590238185e-02
cycle=1400 time=4.5188572979869591e+01 dt=3.3354771432682187e-02
cycle=1410 time=4.5522105730321520e+01 dt=3.3348328607475330e-02
cycle=1420 time=4.5855683928211491e+01 dt=3.3369239594935020e-02
cycle=1430 time=4.6189467676186119e+01 dt=3.3389546589747181e-02
cycle=1440 time=4.6523417139371034e+01 dt=3.3402722152926195e-02
cycle=1450 time=4.6857533715837214e+01 dt=3.3422515804267632e-02
cycle=1460 time=4.7191846920692441e+01 dt=3.3442037215317570e-02
cycle=1470 time=4.7526354043358886e+01 dt=3.3461277045513181e-02
cycle=1480 time=4.7860994759532915e+01 dt=3.3466352703656756e-02
cycle=1490 time=4.8195697336603700e+01 dt=3.3471411227183556e-02
cycle=1500 time=4.8530325441474233e+01 dt=3.3457388483206695e-02
cycle=1510 time=4.8864916136118389e+01 dt=3.3463165319180831e-02
cycle=1520 time=4.9199599954250559e+01 dt=3.3469904474159089e-02
cycle=1530 time=4.9534299551608207e+01 dt=3.3471546487057913e-02
cycle=1540 time=4.9869067559636726e+01 dt=3.3486242357410628e-02
cycle=1550 time=5.0203933928222270e+01 dt=3.3483860348405670e-02
cycle=1560 time=5.0538839815374516e+01 dt=3.3503595286503131e-02
cycle=1570 time=5.0873984748659268e+01 dt=3.3519200871399604e-02
cycle=1580 time=5.1209092617907480e+01 dt=3.3503544756553108e-02
cycle=1590 time=5.1544187925222715e+01 dt=3.3521719828232946e-02
cycle=1600 time=5.1879493833049253e+01 dt=3.3537718527905387e-02
cycle=1610 time=5.2214896935903511e+01 dt=3.3544286054102375e-02
cycle=1620 time=5.2550406698182435e+01 dt=3.3560874861834518e-02
cycle=1630 time=5.2886074467965337e+01 dt=3.3576684701654043e-02
cycle=1640 time=5.3221949407351460e+01 dt=3.3601183039437259e-02
cycle=1650 time=5.3558071845690982e+01 dt=3.3623527002164408e-02
cycle=1660 time=5.3894366441846827e+01 dt=3.3634328315714737e-02
cycle=1670 time=5.4230734246444690e+01 dt=3.3642190251876883e-02
cycle=1680 time=5.4567262209817322e+01 dt=3.3668450494253870e-02
cycle=1690 time=5.4903914026508232e+01 dt=3.3662420610110523e-02
cycle=1700 time=5.5240491759045717e+01 dt=3.3648656998638199e-02
cycle=1710 time=5.5577082894403716e+01 dt=3.3671839946181149e-02
cycle=1720 time=5.5913901469323143e+01 dt=3.3693864505211106e-02
cycle=1730 time=5.6250932655479495e+01 dt=3.3714117286063376e-02
cycle=1740 time=5.6588144679478255e+01 dt=3.3730991604478282e-02
cycle=1750 time=5.6925528648839681e+01 dt=3.3741186993509052e-02
cycle=1760 time=5.7262918809650373e+01 dt=3.3737495911930898e-02
cycle=1770 time=5.7600333762438730e+01 dt=3.3751061358535069e-02
cycle=1780 time=5.7937971319950726e+01 dt=3.3779437038824245e-02
cycle=1790 time=5.8275833470534181e+01 dt=3.3794894768629957e-02
cycle=1800 time=5.8613861015038275e+01 dt=3.3812514595115056e-02
cycle=1810 time=5.8952054776091892e+01 dt=3.3826908627216788e-02
cycle=1820 time=5.9290379513240893e+01 dt=3.3838871783287032e-02
cycle=1830 time=5.9628814178368714e+01 dt=3.3849066711905407e-02
cycle=1840 time=5.9967362424559802e+01 dt=3.3864476928743135e-02
cycle=1850 time=6.0306028794161413e+01 dt=3.3865755143376725e-02
cycle=1860 time=6.0644722882454936e+01 dt=3.3880188979716695e-02
cycle=1870 time=6.0983689367469346e+01 dt=3.3914092639391685e-02

Terminating on time limit
time=6.1237243569579448e+01 cycle=1878
tlim=6.1237243569579448e+01 nlim=-1

zone-cycles = 123076608
cpu time used  = 2.2915161000000001e+01
zone-cycles/cpu_second = 5.3709685042143054e+06
