No data_format specified in output block 'output2', using default
No data_format specified in output block 'output2', using default

Setup complete, entering main loop...

cycle=310 time=1.0020802531414946e+01 dt=3.4139174229257774e-02
cycle=320 time=1.0362720674572342e+01 dt=3.4257243516261124e-02
cycle=330 time=1.0705826733413332e+01 dt=3.4374900267020697e-02
cycle=340 time=1.1050113052684988e+01 dt=3.4494230523998179e-02
cycle=350 time=1.1395670687435112e+01 dt=3.4621939830263203e-02
cycle=360 time=1.1742417271890766e+01 dt=3.4740060014643047e-02
cycle=370 time=1.2090399652257908e+01 dt=3.4874211463423892e-02
cycle=380 time=1.2439613663202104e+01 dt=3.4982732826740880e-02
cycle=390 time=1.2790052374703000e+01 dt=3.5128274947295736e-02
cycle=400 time=1.3142097608554721e+01 dt=3.5296728149890148e-02
cycle=410 time=1.3495592804567092e+01 dt=3.5416620100296649e-02
cycle=420 time=1.3850419486592555e+01 dt=3.5571939379374064e-02
cycle=430 time=1.4206949491867856e+01 dt=3.5737118669000228e-02
cycle=440 time=1.4564849982334355e+01 dt=3.5861971217196024e-02
cycle=450 time=1.4924174972752574e+01 dt=3.6021692076456974e-02
cycle=460 time=1.5285106735354219e+01 dt=3.6175523381325896e-02
cycle=470 time=1.5647399151895128e+01 dt=3.6300530097049206e-02
cycle=480 time=1.6010953583711835e+01 dt=3.6340055767157285e-02
cycle=490 time=1.6374888972603070e+01 dt=3.6456945525916218e-02
cycle=500 time=1.6740034937455871e+01 dt=3.6589803588601241e-02
cycle=510 time=1.7106281630684215e+01 dt=3.6694778494309743e-02
cycle=520 time=1.7473914305460330e+01 dt=3.6835986794269325e-02
cycle=530 time=1.7842804520092784e+01 dt=3.6960485852425097e-02
cycle=540 time=1.8213194581366952e+01 dt=3.7130933490771532e-02
cycle=550 time=1.8585522396227709e+01 dt=3.7341564872879617e-02
cycle=560 time=1.8959718804995234e+01 dt=3.7510472882395451e-02
cycle=570 time=1.9335575634703130e+01 dt=2.9341096333954653e-02

Terminating on time limit
time=1.9364916731037084e+01 cycle=571
tlim=1.9364916731037084e+01 nlim=-1

zone-cycles = 17694720
cpu time used  = 3.4626329999999998e+00
zone-cycles/cpu_second = 5.1101921572398813e+06
